C51 COMPILER V9.60.7.0   DELAY                                                             11/11/2025 14:35:51 PAGE 1   


C51 COMPILER V9.60.7.0, COMPILATION OF MODULE DELAY
OBJECT MODULE PLACED IN .\Objects\delay.obj
COMPILER INVOKED BY: D:\keil\C51\BIN\C51.EXE Src\delay.c OPTIMIZE(8,SPEED) BROWSE INCDIR(.\Inc) DEBUG OBJECTEXTEND PRINT
                    -(.\Listings\delay.lst) TABS(2) OBJECT(.\Objects\delay.obj)

line level    source

   1          /*
   2           * STC8H1K08 系统延时功能实现
   3           * 目前只实现毫秒级别的绝对延时函数
   4           */
   5          
   6          #include "delay.h"
   7          
   8          // 延时函数，单位：ms （绝对延时）
   9          void delay_ms(uint16_t ms)
  10          {
  11   1        unsigned int i;
  12   1        do{
  13   2          i = FOSC / 10000;
  14   2          while(--i);
  15   2        }while(--ms);
  16   1      }


MODULE INFORMATION:   STATIC OVERLAYABLE
   CODE SIZE        =     23    ----
   CONSTANT SIZE    =   ----    ----
   XDATA SIZE       =   ----    ----
   PDATA SIZE       =   ----    ----
   DATA SIZE        =   ----    ----
   IDATA SIZE       =   ----    ----
   BIT SIZE         =   ----    ----
END OF MODULE INFORMATION.


C51 COMPILATION COMPLETE.  0 WARNING(S),  0 ERROR(S)
